     Assembly listing for: MP2.mas
                Assembled: Mon Sep 21 13:38:34 CST 2015

         |           ORG 000             
000 5000 |           INPUT               
001 202E |           STORE A             
002 102E |           LOAD A              
003 402F |           SUBT X              
004 8800 |           SKIPCOND 800        
005 9007 |           JUMP ENDIF          
006 9008 |           JUMP LOOPA          
         |                              
007 7000 |  ENDIF    HALT                
         |                              
008 102F |  LOOPA    LOAD X              
009 8400 |           SKIPCOND 400        
00A 9018 |           JUMP LOOPB          
00B 900C |           JUMP OUTPUTA        
         |                              
00C 102E |  OUTPUTA  LOAD A              
00D 6000 |           OUTPUT              
00E 102F |           LOAD X              
00F 3030 |           ADD ONE             
010 202F |           STORE X             
011 6000 |           OUTPUT              
012 9013 |           JUMP OUTPUTAA       
         |                              
013 102F |  OUTPUTAA LOAD X              
014 3030 |           ADD ONE             
015 202F |           STORE X             
016 6000 |           OUTPUT              
017 9013 |           JUMP OUTPUTAA       
         |                              	
018 1032 |  LOOPB    LOAD FOUR           
019 402F |           SUBT X              
01A 8800 |           SKIPCOND 800        
01B 8000 |           SKIPCOND 000        
01C 901E |           JUMP OUTPUTB        
01D 9023 |           JUMP OUTPUTC        
         |                              
01E 102F |  OUTPUTB  LOAD X              
01F 3031 |           ADD TWO             
020 202F |           STORE X             
021 6000 |           OUTPUT              
022 901E |           JUMP OUTPUTB        
         |                              
023 102F |  OUTPUTC  LOAD X              
024 6000 |           OUTPUT              
025 3030 |           ADD ONE             
026 202F |           STORE X             
027 6000 |           OUTPUT              
028 9029 |           JUMP OUTPUTCC       
         |                              
029 102F |  OUTPUTCC LOAD X              
02A 3030 |           ADD ONE             
02B 202F |           STORE X             
02C 6000 |           OUTPUT              
02D 9029 |           JUMP OUTPUTCC       
         |                              
02E 0000 |  A        DEC 00              
02F 0000 |  X        DEC 00              
030 0001 |  ONE      DEC 01              
031 0002 |  TWO      DEC 02              
032 0004 |  FOUR     DEC 04              

Assembly successful.

         SYMBOL TABLE
         ----------------------------------------------------
          Symbol   | Defined | References 
         ----------+---------+-------------------------------
          A        |   02E   | 001, 002, 00C
          ENDIF    |   007   | 005
          FOUR     |   032   | 018
          LOOPA    |   008   | 006
          LOOPB    |   018   | 00A
          ONE      |   030   | 00F, 014, 025, 02A
          OUTPUTA  |   00C   | 00B
          OUTPUTAA |   013   | 012, 017
          OUTPUTB  |   01E   | 01C, 022
          OUTPUTC  |   023   | 01D
          OUTPUTCC |   029   | 028, 02D
          TWO      |   031   | 01F
          X        |   02F   | 003, 008, 00E, 010, 013, 015, 
                   |         | 019, 01E, 020, 023, 026, 029, 
                   |         | 02B
         ----------------------------------------------------

