     Assembly listing for: MP2.mas
                Assembled: Mon Sep 21 14:31:09 CST 2015

         |           ORG 000             
000 5000 |           INPUT               
001 2027 |           STORE A             
002 1027 |           LOAD A              
003 4028 |           SUBT X              
004 8800 |           SKIPCOND 800        
005 9007 |           JUMP ENDIF          
006 9008 |           JUMP LOOPA          
         |                              
007 7000 |  ENDIF    HALT                
         |                              
008 1028 |  LOOPA    LOAD X              
009 8400 |           SKIPCOND 400        
00A 9014 |           JUMP LOOPB          
00B 900C |           JUMP OUTPUTA        
         |                              
00C 1027 |  OUTPUTA  LOAD A              
00D 6000 |           OUTPUT              
00E 900F |           JUMP OUTPUTAA       
         |                              
00F 1028 |  OUTPUTAA LOAD X              
010 3029 |           ADD ONE             
011 2028 |           STORE X             
012 6000 |           OUTPUT              
013 900F |           JUMP OUTPUTAA       
         |                              	
014 102B |  LOOPB    LOAD FOUR           
015 4028 |           SUBT X              
016 8800 |           SKIPCOND 800        
017 8000 |           SKIPCOND 000        
018 901A |           JUMP OUTPUTB        
019 901F |           JUMP OUTPUTC        
         |                              
01A 1028 |  OUTPUTB  LOAD X              
01B 302A |           ADD TWO             
01C 2028 |           STORE X             
01D 6000 |           OUTPUT              
01E 901A |           JUMP OUTPUTB        
         |                              
01F 1028 |  OUTPUTC  LOAD X              
020 6000 |           OUTPUT              
021 9022 |           JUMP OUTPUTCC       
         |                              
022 1028 |  OUTPUTCC LOAD X              
023 3029 |           ADD ONE             
024 2028 |           STORE X             
025 6000 |           OUTPUT              
026 9022 |           JUMP OUTPUTCC       
         |                              
027 0000 |  A        DEC 00              
028 0000 |  X        DEC 00              
029 0001 |  ONE      DEC 01              
02A 0002 |  TWO      DEC 02              
02B 0004 |  FOUR     DEC 04              

Assembly successful.

         SYMBOL TABLE
         ----------------------------------------------------
          Symbol   | Defined | References 
         ----------+---------+-------------------------------
          A        |   027   | 001, 002, 00C
          ENDIF    |   007   | 005
          FOUR     |   02B   | 014
          LOOPA    |   008   | 006
          LOOPB    |   014   | 00A
          ONE      |   029   | 010, 023
          OUTPUTA  |   00C   | 00B
          OUTPUTAA |   00F   | 00E, 013
          OUTPUTB  |   01A   | 018, 01E
          OUTPUTC  |   01F   | 019
          OUTPUTCC |   022   | 021, 026
          TWO      |   02A   | 01B
          X        |   028   | 003, 008, 00F, 011, 015, 01A, 
                   |         | 01C, 01F, 022, 024
         ----------------------------------------------------

